 ---------------------------------------------------------------------------------------------------------------------------------------------------- 
| Snapshot                | WNS                  | TNS                  | Density (%) | Hotspot      | Resource               | DRVs                 |
|                         | HEPG (ns) | ALL (ns) | HEPG (ns) | ALL (ns) |             | Max  | Total | Real (s) | Memory (MB) | Tran (ns) | Cap (pF) |
|-------------------------+-----------+----------+-----------+----------+-------------+------+-------+----------+-------------+-----------+----------|
| initial_summary         |           |    6.954 |           |        0 |       69.44 |      |       | 0:00:00  |        2146 |         5 |        0 |
| route_type_refinement   |           |          |           |          |             |      |       | 0:00:01  |        2242 |           |          |
| simplify_netlist        |           |          |           |          |             |      |       | 0:00:01  |        2261 |           |          |
| drv_fixing              |     0.000 |    7.008 |         0 |        0 |       70.69 |      |       | 0:00:01  |        2273 |         0 |        0 |
| global_opt              |           |    7.008 |           |        0 |       70.69 |      |       | 0:00:01  |        2278 |           |          |
| area_reclaiming         |     0.000 |    7.027 |         0 |        0 |       70.42 |      |       | 0:00:01  |        2283 |           |          |
| incremental_replacement |           |          |           |          |             | 0.00 |  0.00 | 0:00:01  |        2260 |           |          |
| area_reclaiming_2       |     6.927 |    6.927 |         0 |        0 |       70.42 |      |       | 0:00:01  |        2276 |           |          |
| drv_eco_fixing          |     6.972 |    6.972 |         0 |        0 |       70.49 |      |       | 0:00:00  |        2287 |         0 |        0 |
| final_summary           |     9.333 |    6.972 |           |        0 |       70.49 | 0.00 |  0.00 | 0:00:02  |        2284 |         0 |        0 |
 ---------------------------------------------------------------------------------------------------------------------------------------------------- 
